// Jest Snapshot v1, https://goo.gl/fbAQLP

exports[`getData Коректное значение 1`] = `
[
  "1",
  "2",
]
`;
